// Jest Snapshot v1, https://goo.gl/fbAQLP

exports[`Should MoviePage render correctly with authorization 1`] = `null`;

exports[`Should MoviePage render correctly without authorization 1`] = `null`;
